
> build
> vite build

[36mvite v7.3.5 [32mbuilding client environment for production...[36m[39m
transforming...
[32mÔ£ô[39m 1995 modules transformed.
rendering chunks...
computing gzip size...
[2mdist/client/[22m[32massets/Logo-DhsdjQiH.jpeg         [39m[1m[2m 27.95 kB[22m[1m[22m
[2mdist/client/[22m[32massets/Whatsapp-Dv4xVtl2.jpg      [39m[1m[2m 50.44 kB[22m[1m[22m
[2mdist/client/[22m[32massets/project-1-aO7kyfMd.jpg     [39m[1m[2m 56.73 kB[22m[1m[22m
[2mdist/client/[22m[32massets/team-wilson-CWYcRY7c.jpg   [39m[1m[2m 90.54 kB[22m[1m[22m
[2mdist/client/[22m[32massets/project-5-C5pUZSkS.jpg     [39m[1m[2m 98.42 kB[22m[1m[22m
[2mdist/client/[22m[32massets/team-keyla-6CnerLiE.jpg    [39m[1m[2m101.55 kB[22m[1m[22m
[2mdist/client/[22m[32massets/project-2-BKEpBtGC.jpg     [39m[1m[2m107.71 kB[22m[1m[22m
[2mdist/client/[22m[32massets/team-josue-EHsxLQdN.jpg    [39m[1m[2m110.64 kB[22m[1m[22m
[2mdist/client/[22m[32massets/project-4-Cbwidkbe.jpg     [39m[1m[2m113.89 kB[22m[1m[22m
[2mdist/client/[22m[32massets/project-3-BuXlOTZ-.jpg     [39m[1m[2m156.41 kB[22m[1m[22m
[2mdist/client/[22m[32massets/hero-B-aqdp1Y.jpg          [39m[1m[2m172.36 kB[22m[1m[22m
[2mdist/client/[22m[32massets/Para-video2-WxLOwZ6n.jpeg  [39m[1m[2m177.97 kB[22m[1m[22m
[2mdist/client/[22m[32massets/Equipo-RrkVlUgX.jpg        [39m[1m[2m180.02 kB[22m[1m[22m
[2mdist/client/[22m[32massets/s1-CFhtnG76.jpg            [39m[1m[2m183.31 kB[22m[1m[22m
[2mdist/client/[22m[32massets/Para-video4-rhpbasdY.jpeg  [39m[1m[2m229.04 kB[22m[1m[22m
[2mdist/client/[22m[32massets/Para-video1-9bxqPXwb.jpeg  [39m[1m[2m263.29 kB[22m[1m[22m
[2mdist/client/[22m[32massets/Para-video3-BRkVTChj.jpeg  [39m[1m[2m300.49 kB[22m[1m[22m
[2mdist/client/[22m[32massets/s3-DZ7yL0x3.jpg            [39m[1m[2m332.68 kB[22m[1m[22m
[2mdist/client/[22m[32massets/s2-DnKfFKdm.jpg            [39m[1m[2m691.56 kB[22m[1m[22m
[2mdist/client/[22m[35massets/styles-BSo5TjFc.css        [39m[1m[2m 79.55 kB[22m[1m[22m[2m Ôöé gzip:  13.45 kB[22m
[2mdist/client/[22m[36massets/index-ByFBWGOb.js          [39m[1m[2m114.75 kB[22m[1m[22m[2m Ôöé gzip:  32.58 kB[22m
[2mdist/client/[22m[36massets/index-CnRPi9Pw.js          [39m[1m[2m377.37 kB[22m[1m[22m[2m Ôöé gzip: 120.28 kB[22m
[32mÔ£ô built in 11.85s[39m
[36mvite v7.3.5 [32mbuilding ssr environment for production...[36m[39m
transforming...
[32mÔ£ô[39m 93 modules transformed.
node.exe : [33m"createRequestHandler", "defineHandlerCallback", 
"transformPipeableStreamWithRouter" and "transformReadableStreamWithRouter" 
are imported from external module "@tanstack/router-core/ssr/server" but never 
used in "node_modules/@tanstack/start-server-core/dist/esm/index.js".[39m
En línea: 1 Carácter: 1
+ & "C:\Program Files\nodejs/node.exe" "C:\Program Files\nodejs/node_mo ...
+ ~~~~~~~~~~~~~~~~~~~~~~~~~~~~~~~~~~~~~~~~~~~~~~~~~~~~~~~~~~~~~~~~~~~~~
    + CategoryInfo          : NotSpecified: ([33m"createReq...index.js".[39m 
   :String) [], RemoteException
    + FullyQualifiedErrorId : NativeCommandError
 
[33m"RawStream" is imported from external module "@tanstack/router-core" but 
never used in 
"node_modules/@tanstack/start-client-core/dist/esm/index.js".[39m
[33m"hydrate" and "json" are imported from external module 
"@tanstack/router-core/ssr/client" but never used in 
"node_modules/@tanstack/start-client-core/dist/esm/index.js".[39m
rendering chunks...
[2mdist/server/[22m[36massets/empty-plugin-adapters-BFgPZ6_d.js       [39m[1m[2m 0.13 kB[22m[1m[22m
[2mdist/server/[22m[36massets/_tanstack-start-manifest_v-lGbhWHdC.js  [39m[1m[2m 0.50 kB[22m[1m[22m
[2mdist/server/[22m[36massets/start-CUX1WnEv.js                       [39m[1m[2m 1.71 kB[22m[1m[22m
[2mdist/server/[22m[36mserver.js                                      [39m[1m[2m 3.34 kB[22m[1m[22m
[2mdist/server/[22m[36massets/router-CQy0BV4u.js                      [39m[1m[2m41.22 kB[22m[1m[22m
[2mdist/server/[22m[36massets/server-D2LbQM0c.js                      [39m[1m[2m58.47 kB[22m[1m[22m
[2mdist/server/[22m[36massets/index-Crej7T6D.js                       [39m[1m[2m75.94 kB[22m[1m[22m
[32mÔ£ô built in 1.27s[39m
